// Jest Snapshot v1, https://goo.gl/fbAQLP

exports[`Nav renders correctly 1`] = `
<nav
  class="navbar navbar-expand navbar-light bg-light"
>
  <div
    class="container"
  >
    <span
      class="navbar-brand"
    >
      <a
        href="/"
      >
        Ï€-Base
      </a>
    </span>
    <button
      aria-controls="navbar-nav"
      aria-label="Toggle navigation"
      class="navbar-toggler collapsed"
      type="button"
    >
      <span
        class="navbar-toggler-icon"
      />
    </button>
    <div
      class="navbar-collapse collapse"
      id="navbar-nav"
    >
      <div
        class="navbar-nav"
      >
        <a
          class="nav-link"
          href="/spaces"
        >
          Spaces
        </a>
        <a
          class="nav-link"
          href="/properties"
        >
          Properties
        </a>
        <a
          class="nav-link"
          href="/theorems"
        >
          Theorems
        </a>
      </div>
      <div
        class="ml-auto navbar-nav"
      >
        <a
          class="nav-link"
          href="/https://github.com/pi-base/data/blob/master/CONTRIBUTING.md"
        >
          Contribute
        </a>
      </div>
    </div>
  </div>
</nav>
`;
